###############################################################################
#
# IAR ELF Linker V8.50.6.265/W32 for ARM                  18/Oct/2020  13:18:41
# Copyright 2007-2020 IAR Systems AB.
#
#    Output file  =
#        E:\SolderingStation\Firmware\EWARM\Firmware\Exe\Firmware.out
#    Map file     =
#        E:\SolderingStation\Firmware\EWARM\Firmware\List\Firmware.map
#    Command line =
#        -f C:\Users\rfm\AppData\Local\Temp\EWA3E2.tmp
#        (E:\SolderingStation\Firmware\EWARM\Firmware\Obj\lcd.o
#        E:\SolderingStation\Firmware\EWARM\Firmware\Obj\lcd_delay.o
#        E:\SolderingStation\Firmware\EWARM\Firmware\Obj\main.o
#        E:\SolderingStation\Firmware\EWARM\Firmware\Obj\startup_stm32f030x6.o
#        E:\SolderingStation\Firmware\EWARM\Firmware\Obj\stm32f0xx_hal.o
#        E:\SolderingStation\Firmware\EWARM\Firmware\Obj\stm32f0xx_hal_adc.o
#        E:\SolderingStation\Firmware\EWARM\Firmware\Obj\stm32f0xx_hal_adc_ex.o
#        E:\SolderingStation\Firmware\EWARM\Firmware\Obj\stm32f0xx_hal_cortex.o
#        E:\SolderingStation\Firmware\EWARM\Firmware\Obj\stm32f0xx_hal_dma.o
#        E:\SolderingStation\Firmware\EWARM\Firmware\Obj\stm32f0xx_hal_flash.o
#        E:\SolderingStation\Firmware\EWARM\Firmware\Obj\stm32f0xx_hal_flash_ex.o
#        E:\SolderingStation\Firmware\EWARM\Firmware\Obj\stm32f0xx_hal_gpio.o
#        E:\SolderingStation\Firmware\EWARM\Firmware\Obj\stm32f0xx_hal_i2c.o
#        E:\SolderingStation\Firmware\EWARM\Firmware\Obj\stm32f0xx_hal_i2c_ex.o
#        E:\SolderingStation\Firmware\EWARM\Firmware\Obj\stm32f0xx_hal_iwdg.o
#        E:\SolderingStation\Firmware\EWARM\Firmware\Obj\stm32f0xx_hal_msp.o
#        E:\SolderingStation\Firmware\EWARM\Firmware\Obj\stm32f0xx_hal_pwr.o
#        E:\SolderingStation\Firmware\EWARM\Firmware\Obj\stm32f0xx_hal_pwr_ex.o
#        E:\SolderingStation\Firmware\EWARM\Firmware\Obj\stm32f0xx_hal_rcc.o
#        E:\SolderingStation\Firmware\EWARM\Firmware\Obj\stm32f0xx_hal_rcc_ex.o
#        E:\SolderingStation\Firmware\EWARM\Firmware\Obj\stm32f0xx_hal_tim.o
#        E:\SolderingStation\Firmware\EWARM\Firmware\Obj\stm32f0xx_hal_tim_ex.o
#        E:\SolderingStation\Firmware\EWARM\Firmware\Obj\stm32f0xx_it.o
#        E:\SolderingStation\Firmware\EWARM\Firmware\Obj\system_stm32f0xx.o
#        --redirect _Printf=_PrintfFull --redirect _Scanf=_ScanfFull
#        --no_out_extension -o
#        E:\SolderingStation\Firmware\EWARM\Firmware\Exe\Firmware.out --map
#        E:\SolderingStation\Firmware\EWARM\Firmware\List\Firmware.map --config
#        E:\SolderingStation\Firmware\EWARM/stm32f030x6_flash.icf --semihosting
#        --entry __iar_program_start --no_exceptions --vfe --text_out locale)
#
###############################################################################

*******************************************************************************
*** RUNTIME MODEL ATTRIBUTES
***

CppFlavor       = *
__SystemLibrary = DLib
__dlib_version  = 6


*******************************************************************************
*** HEAP SELECTION
***

The basic heap was selected because some modules are built with
size limitations (and not runtime checking), and --advanced_heap
was not specified.


*******************************************************************************
*** PLACEMENT SUMMARY
***

"A0":  place at address 0x800'0000 { ro section .intvec };
"P1":  place in [from 0x800'0000 to 0x800'7fff] { ro };
define block CSTACK with size = 1K, alignment = 8 { };
define block HEAP with size = 512, alignment = 8 { };
"P2":  place in [from 0x2000'0000 to 0x2000'0fff] {
          rw, block CSTACK, block HEAP };
initialize by copy { rw };

  Section            Kind         Address    Size  Object
  -------            ----         -------    ----  ------
"A0":                                        0xb0
  .intvec            ro code   0x800'0000    0xb0  startup_stm32f030x6.o [1]
                             - 0x800'00b0    0xb0

"P1":                                      0x260a
  .text              ro code   0x800'00b0   0x6c0  stm32f0xx_hal_rcc.o [1]
  .text              ro code   0x800'0770     0xc  stm32f0xx_hal.o [1]
  .text              ro code   0x800'077c    0x24  stm32f0xx_hal.o [1]
  .text              ro code   0x800'07a0    0x34  ABImemcpy.o [3]
  .text              ro code   0x800'07d4    0xe0  I32DivModFast.o [3]
  .text              ro code   0x800'08b4   0x660  main.o [1]
  .text              ro code   0x800'0f14   0x13a  stm32f0xx_hal_cortex.o [1]
  .text              ro code   0x800'104e     0x2  startup_stm32f030x6.o [1]
  .text              ro code   0x800'1050     0x2  IntDivZer.o [3]
  .text              ro code   0x800'1052     0x2  startup_stm32f030x6.o [1]
  .text              ro code   0x800'1054   0x664  stm32f0xx_hal_tim.o [1]
  .text              ro code   0x800'16b8   0x27c  stm32f0xx_hal_gpio.o [1]
  .text              ro code   0x800'1934    0x20  stm32f0xx_hal.o [1]
  .text              ro code   0x800'1954   0x1c8  lcd.o [1]
  .text              ro code   0x800'1b1c    0x74  stm32f0xx_hal_iwdg.o [1]
  .text              ro code   0x800'1b90    0x20  stm32f0xx_hal.o [1]
  .text              ro code   0x800'1bb0    0xd4  stm32f0xx_hal_adc_ex.o [1]
  .text              ro code   0x800'1c84    0x24  stm32f0xx_hal_pwr.o [1]
  .text              ro code   0x800'1ca8   0x524  stm32f0xx_hal_adc.o [1]
  .text              ro code   0x800'21cc    0xe8  stm32f0xx_hal_tim_ex.o [1]
  .text              ro code   0x800'22b4   0x108  stm32f0xx_hal_msp.o [1]
  .text              ro code   0x800'23bc     0x2  stm32f0xx_hal_tim.o [1]
  .text              ro code   0x800'23be     0x2  stm32f0xx_hal_tim.o [1]
  .text              ro code   0x800'23c0     0x2  stm32f0xx_hal_tim.o [1]
  .text              ro code   0x800'23c2     0x2  stm32f0xx_hal_tim.o [1]
  .text              ro code   0x800'23c4     0x2  stm32f0xx_hal_tim_ex.o [1]
  .text              ro code   0x800'23c6     0x2  stm32f0xx_hal_tim.o [1]
  .text              ro code   0x800'23c8     0x2  stm32f0xx_hal_tim_ex.o [1]
  .text              ro code   0x800'23ca     0x2  startup_stm32f030x6.o [1]
  CODE               ro code   0x800'23cc    0x14  lcd_delay.o [1]
  .text              ro code   0x800'23e0    0x80  system_stm32f0xx.o [1]
  .text              ro code   0x800'2460    0x3c  zero_init3.o [3]
  .text              ro code   0x800'249c    0x38  stm32f0xx_it.o [1]
  .text              ro code   0x800'24d4    0x10  stm32f0xx_hal.o [1]
  .text              ro code   0x800'24e4    0x30  copy_init3.o [3]
  .rodata            const     0x800'2514    0x28  main.o [1]
  .text              ro code   0x800'253c    0x28  data_init.o [3]
  .iar.init_table    const     0x800'2564    0x24  - Linker created -
  .text              ro code   0x800'2588    0x1e  cmain.o [3]
  .text              ro code   0x800'25a6     0x4  low_level_init.o [2]
  .text              ro code   0x800'25aa     0x8  exit.o [2]
  .text              ro code   0x800'25b2     0x2  startup_stm32f030x6.o [1]
  .text              ro code   0x800'25b4     0xa  cexit.o [3]
  .text              ro code   0x800'25be     0x2  startup_stm32f030x6.o [1]
  .text              ro code   0x800'25c0    0x14  exit.o [4]
  .rodata            const     0x800'25d4    0x14  main.o [1]
  .rodata            const     0x800'25e8    0x14  main.o [1]
  .rodata            const     0x800'25fc    0x14  main.o [1]
  .rodata            const     0x800'2610    0x14  main.o [1]
  .rodata            const     0x800'2624    0x14  main.o [1]
  .rodata            const     0x800'2638    0x14  main.o [1]
  .rodata            const     0x800'264c    0x10  stm32f0xx_hal_rcc.o [1]
  .rodata            const     0x800'265c    0x10  stm32f0xx_hal_rcc.o [1]
  .rodata            const     0x800'266c    0x10  system_stm32f0xx.o [1]
  .text              ro code   0x800'267c    0x10  startup_stm32f030x6.o [1]
  .text              ro code   0x800'268c     0xc  cstartup_M.o [3]
  Initializer bytes  const     0x800'2698     0x8  <for P2-1>
  .text              ro code   0x800'26a0     0x2  startup_stm32f030x6.o [1]
  .text              ro code   0x800'26a2     0x2  startup_stm32f030x6.o [1]
  .text              ro code   0x800'26a4     0x2  startup_stm32f030x6.o [1]
  .text              ro code   0x800'26a6     0x2  startup_stm32f030x6.o [1]
  .text              ro code   0x800'26a8     0x2  startup_stm32f030x6.o [1]
  .text              ro code   0x800'26aa     0x2  startup_stm32f030x6.o [1]
  .text              ro code   0x800'26ac     0x2  startup_stm32f030x6.o [1]
  .text              ro code   0x800'26ae     0x2  startup_stm32f030x6.o [1]
  .text              ro code   0x800'26b0     0x2  startup_stm32f030x6.o [1]
  .text              ro code   0x800'26b2     0x2  startup_stm32f030x6.o [1]
  .text              ro code   0x800'26b4     0x2  startup_stm32f030x6.o [1]
  .text              ro code   0x800'26b6     0x2  startup_stm32f030x6.o [1]
  .text              ro code   0x800'26b8     0x2  startup_stm32f030x6.o [1]
  .rodata            const     0x800'26ba     0x0  zero_init3.o [3]
  .rodata            const     0x800'26ba     0x0  copy_init3.o [3]
                             - 0x800'26ba  0x260a

"P2", part 1 of 3:                            0x8
  P2-1                        0x2000'0000     0x8  <Init block>
    .data            inited   0x2000'0000     0x4  main.o [1]
    .data            inited   0x2000'0004     0x4  system_stm32f0xx.o [1]
                            - 0x2000'0008     0x8

"P2", part 2 of 3:                          0x104
  .bss               zero     0x2000'0008    0x4c  main.o [1]
  .bss               zero     0x2000'0054    0x40  main.o [1]
  .bss               zero     0x2000'0094    0x40  main.o [1]
  .bss               zero     0x2000'00d4    0x10  main.o [1]
  .bss               zero     0x2000'00e4     0xc  lcd.o [1]
  .bss               zero     0x2000'00f0     0x4  main.o [1]
  .bss               zero     0x2000'00f4     0x4  main.o [1]
  .bss               zero     0x2000'00f8     0x4  main.o [1]
  .bss               zero     0x2000'00fc     0x4  main.o [1]
  .bss               zero     0x2000'0100     0x4  main.o [1]
  .bss               zero     0x2000'0104     0x4  main.o [1]
  .bss               zero     0x2000'0108     0x4  stm32f0xx_hal.o [1]
                            - 0x2000'010c   0x104

"P2", part 3 of 3:                          0x400
  CSTACK                      0x2000'0110   0x400  <Block>
    CSTACK           uninit   0x2000'0110   0x400  <Block tail>
                            - 0x2000'0510   0x400

Unused ranges:

         From           To    Size
         ----           --    ----
   0x800'26ba   0x800'7fff  0x5946
  0x2000'010c  0x2000'010f     0x4
  0x2000'0510  0x2000'0fff   0xaf0


*******************************************************************************
*** INIT TABLE
***

          Address      Size
          -------      ----
Zero (__iar_zero_init3)
    1 destination range, total size 0x104:
          0x2000'0008  0x104

Copy (__iar_copy_init3)
    1 source range, total size 0x8:
           0x800'2698    0x8
    1 destination range, total size 0x8:
          0x2000'0000    0x8



*******************************************************************************
*** MODULE SUMMARY
***

    Module                  ro code  ro data  rw data
    ------                  -------  -------  -------
command line/config:
    -------------------------------------------------
    Total:

E:\SolderingStation\Firmware\EWARM\Firmware\Obj: [1]
    lcd.o                       456                12
    lcd_delay.o                  20
    main.o                    1'632      164      248
    startup_stm32f030x6.o       228
    stm32f0xx_hal.o             128                 4
    stm32f0xx_hal_adc.o       1'316
    stm32f0xx_hal_adc_ex.o      212
    stm32f0xx_hal_cortex.o      314
    stm32f0xx_hal_gpio.o        636
    stm32f0xx_hal_iwdg.o        116
    stm32f0xx_hal_msp.o         264
    stm32f0xx_hal_pwr.o          36
    stm32f0xx_hal_rcc.o       1'728       32
    stm32f0xx_hal_tim.o       1'646
    stm32f0xx_hal_tim_ex.o      236
    stm32f0xx_it.o               56
    system_stm32f0xx.o          128       20        4
    -------------------------------------------------
    Total:                    9'152      216      268

dl6M_tlf.a: [2]
    exit.o                        8
    low_level_init.o              4
    -------------------------------------------------
    Total:                       12

rt6M_tl.a: [3]
    ABImemcpy.o                  52
    I32DivModFast.o             224
    IntDivZer.o                   2
    cexit.o                      10
    cmain.o                      30
    copy_init3.o                 48
    cstartup_M.o                 12
    data_init.o                  40
    zero_init3.o                 60
    -------------------------------------------------
    Total:                      478

shb_l.a: [4]
    exit.o                       20
    -------------------------------------------------
    Total:                       20

    Linker created                        36    1'024
-----------------------------------------------------
    Grand Total:              9'662      252    1'292


*******************************************************************************
*** ENTRY LIST
***

Entry                       Address   Size  Type      Object
-----                       -------   ----  ----      ------
.iar.init_table$$Base    0x800'2564          --   Gb  - Linker created -
.iar.init_table$$Limit   0x800'2588          --   Gb  - Linker created -
?main                    0x800'2589         Code  Gb  cmain.o [3]
ADC_Enable               0x800'210f   0xa8  Code  Lc  stm32f0xx_hal_adc.o [1]
AHBPrescTable            0x800'266c   0x10  Data  Gb  system_stm32f0xx.o [1]
CSTACK$$Base            0x2000'0110          --   Gb  - Linker created -
CSTACK$$Limit           0x2000'0510          --   Gb  - Linker created -
EXTI4_15_IRQHandler      0x800'24b9    0xc  Code  Gb  stm32f0xx_it.o [1]
HAL_ADCEx_Calibration_Start
                         0x800'1bb1   0xd4  Code  Gb  stm32f0xx_hal_adc_ex.o [1]
HAL_ADC_ConfigChannel    0x800'1fb7  0x158  Code  Gb  stm32f0xx_hal_adc.o [1]
HAL_ADC_GetValue         0x800'1fb1    0x6  Code  Gb  stm32f0xx_hal_adc.o [1]
HAL_ADC_Init             0x800'1ca9  0x1bc  Code  Gb  stm32f0xx_hal_adc.o [1]
HAL_ADC_MspInit          0x800'22ef   0x3a  Code  Gb  stm32f0xx_hal_msp.o [1]
HAL_ADC_PollForConversion
                         0x800'1ed9   0xcc  Code  Gb  stm32f0xx_hal_adc.o [1]
HAL_ADC_Start            0x800'1e65   0x6c  Code  Gb  stm32f0xx_hal_adc.o [1]
HAL_Delay                0x800'1b91   0x20  Code  Wk  stm32f0xx_hal.o [1]
HAL_GPIO_EXTI_Callback   0x800'08c9   0x22  Code  Gb  main.o [1]
HAL_GPIO_EXTI_IRQHandler
                         0x800'18e9   0x22  Code  Gb  stm32f0xx_hal_gpio.o [1]
HAL_GPIO_Init            0x800'16b9  0x1fc  Code  Gb  stm32f0xx_hal_gpio.o [1]
HAL_GPIO_ReadPin         0x800'18b5   0x1a  Code  Gb  stm32f0xx_hal_gpio.o [1]
HAL_GPIO_WritePin        0x800'18cf   0x1a  Code  Gb  stm32f0xx_hal_gpio.o [1]
HAL_GetTick              0x800'0771    0xc  Code  Wk  stm32f0xx_hal.o [1]
HAL_IWDG_Init            0x800'1b1d   0x5c  Code  Gb  stm32f0xx_hal_iwdg.o [1]
HAL_IWDG_Refresh         0x800'1b79    0xc  Code  Gb  stm32f0xx_hal_iwdg.o [1]
HAL_IncTick              0x800'24d5   0x10  Code  Wk  stm32f0xx_hal.o [1]
HAL_Init                 0x800'1935   0x1a  Code  Gb  stm32f0xx_hal.o [1]
HAL_InitTick             0x800'077d   0x24  Code  Wk  stm32f0xx_hal.o [1]
HAL_MspInit              0x800'22b5   0x3a  Code  Gb  stm32f0xx_hal_msp.o [1]
HAL_NVIC_EnableIRQ       0x800'0ff5    0xe  Code  Gb  stm32f0xx_hal_cortex.o [1]
HAL_NVIC_SetPriority     0x800'0fe1   0x14  Code  Gb  stm32f0xx_hal_cortex.o [1]
HAL_PWR_EnterSLEEPMode   0x800'1c85   0x20  Code  Gb  stm32f0xx_hal_pwr.o [1]
HAL_RCC_CSSCallback      0x800'093b    0xc  Code  Gb  main.o [1]
HAL_RCC_ClockConfig      0x800'0525  0x152  Code  Gb  stm32f0xx_hal_rcc.o [1]
HAL_RCC_EnableCSS        0x800'067d    0xe  Code  Gb  stm32f0xx_hal_rcc.o [1]
HAL_RCC_GetHCLKFreq      0x800'070f    0x6  Code  Gb  stm32f0xx_hal_rcc.o [1]
HAL_RCC_GetSysClockFreq
                         0x800'069d   0x72  Code  Gb  stm32f0xx_hal_rcc.o [1]
HAL_RCC_NMI_IRQHandler   0x800'0721   0x18  Code  Gb  stm32f0xx_hal_rcc.o [1]
HAL_RCC_OscConfig        0x800'00b1  0x45c  Code  Gb  stm32f0xx_hal_rcc.o [1]
HAL_SYSTICK_CLKSourceConfig
                         0x800'100f   0x1e  Code  Gb  stm32f0xx_hal_cortex.o [1]
HAL_SYSTICK_Config       0x800'1003    0xc  Code  Gb  stm32f0xx_hal_cortex.o [1]
HAL_SYSTICK_IRQHandler   0x800'1045    0x8  Code  Gb  stm32f0xx_hal_cortex.o [1]
HAL_TIMEx_BreakCallback
                         0x800'23c5    0x2  Code  Wk  stm32f0xx_hal_tim_ex.o [1]
HAL_TIMEx_CommutationCallback
                         0x800'23c9    0x2  Code  Wk  stm32f0xx_hal_tim_ex.o [1]
HAL_TIMEx_ConfigBreakDeadTime
                         0x800'2227   0x70  Code  Gb  stm32f0xx_hal_tim_ex.o [1]
HAL_TIMEx_MasterConfigSynchronization
                         0x800'21cd   0x5a  Code  Gb  stm32f0xx_hal_tim_ex.o [1]
HAL_TIM_Base_Init        0x800'1055   0x38  Code  Gb  stm32f0xx_hal_tim.o [1]
HAL_TIM_Base_MspInit     0x800'2349   0x32  Code  Gb  stm32f0xx_hal_msp.o [1]
HAL_TIM_Base_Start_IT    0x800'108d   0x1c  Code  Gb  stm32f0xx_hal_tim.o [1]
HAL_TIM_IRQHandler       0x800'1191  0x1ac  Code  Gb  stm32f0xx_hal_tim.o [1]
HAL_TIM_MspPostInit      0x800'237b   0x30  Code  Gb  stm32f0xx_hal_msp.o [1]
HAL_TIM_OnePulse_Init    0x800'1141   0x50  Code  Gb  stm32f0xx_hal_tim.o [1]
HAL_TIM_PWM_ConfigChannel
                         0x800'133d  0x102  Code  Gb  stm32f0xx_hal_tim.o [1]
HAL_TIM_PWM_Init         0x800'10a9   0x38  Code  Gb  stm32f0xx_hal_tim.o [1]
HAL_TIM_PWM_MspInit      0x800'2329   0x20  Code  Gb  stm32f0xx_hal_msp.o [1]
HAL_TIM_PWM_Start        0x800'10e1   0x52  Code  Gb  stm32f0xx_hal_tim.o [1]
HAL_TIM_PeriodElapsedCallback
                         0x800'08eb   0x50  Code  Gb  main.o [1]
HardFault_Handler        0x800'24a5    0x4  Code  Gb  stm32f0xx_it.o [1]
MX_ADC_Init              0x800'0c59   0x82  Code  Lc  main.o [1]
MX_GPIO_Init             0x800'0e31   0xa6  Code  Lc  main.o [1]
MX_IWDG_Init             0x800'0cdb   0x2a  Code  Lc  main.o [1]
MX_TIM17_Init            0x800'0ddd   0x44  Code  Lc  main.o [1]
MX_TIM1_Init             0x800'0d19   0xb6  Code  Lc  main.o [1]
NMI_Handler              0x800'249d    0x8  Code  Gb  stm32f0xx_it.o [1]
NVIC_EnableIRQ           0x800'0f15    0xe  Code  Lc  stm32f0xx_hal_cortex.o [1]
NVIC_SetPriority         0x800'0f23   0x8c  Code  Lc  stm32f0xx_hal_cortex.o [1]
NVIC_SystemReset         0x800'08b5   0x14  Code  Lc  main.o [1]
PendSV_Handler           0x800'24ab    0x2  Code  Gb  stm32f0xx_it.o [1]
Region$$Table$$Base      0x800'2564          --   Gb  - Linker created -
Region$$Table$$Limit     0x800'2588          --   Gb  - Linker created -
SVC_Handler              0x800'24a9    0x2  Code  Gb  stm32f0xx_it.o [1]
SysTick_Config           0x800'0faf   0x32  Code  Lc  stm32f0xx_hal_cortex.o [1]
SysTick_Handler          0x800'24ad    0xc  Code  Gb  stm32f0xx_it.o [1]
SystemClock_Config       0x800'0bd5   0x70  Code  Gb  main.o [1]
SystemCoreClock         0x2000'0004    0x4  Data  Gb  system_stm32f0xx.o [1]
SystemInit               0x800'23e1   0x52  Code  Gb  system_stm32f0xx.o [1]
TIM17_IRQHandler         0x800'24c5    0xa  Code  Gb  stm32f0xx_it.o [1]
TIM_Base_SetConfig       0x800'1445   0x6c  Code  Gb  stm32f0xx_hal_tim.o [1]
TIM_CCxChannelCmd        0x800'169d   0x1c  Code  Gb  stm32f0xx_hal_tim.o [1]
TIM_OC1_SetConfig        0x800'14b1   0x76  Code  Lc  stm32f0xx_hal_tim.o [1]
TIM_OC2_SetConfig        0x800'1527   0x74  Code  Gb  stm32f0xx_hal_tim.o [1]
TIM_OC3_SetConfig        0x800'159b   0x70  Code  Lc  stm32f0xx_hal_tim.o [1]
TIM_OC4_SetConfig        0x800'160b   0x56  Code  Lc  stm32f0xx_hal_tim.o [1]
_Error_Handler           0x800'0f09    0xc  Code  Gb  main.o [1]
__ICFEDIT_region_RAM_end__ {Abs}
                        0x2000'0fff         Data  Gb  <internal module>
__ICFEDIT_region_RAM_start__ {Abs}
                        0x2000'0000         Data  Gb  <internal module>
__aeabi_idiv             0x800'0801         Code  Gb  I32DivModFast.o [3]
__aeabi_idiv0            0x800'1051         Code  Gb  IntDivZer.o [3]
__aeabi_idivmod          0x800'0801         Code  Gb  I32DivModFast.o [3]
__aeabi_memcpy4          0x800'07a1         Code  Gb  ABImemcpy.o [3]
__aeabi_memcpy8          0x800'07a1         Code  Gb  ABImemcpy.o [3]
__aeabi_uidiv            0x800'0807         Code  Gb  I32DivModFast.o [3]
__aeabi_uidivmod         0x800'0807         Code  Gb  I32DivModFast.o [3]
__cmain                  0x800'2589         Code  Gb  cmain.o [3]
__exit                   0x800'25c1   0x14  Code  Gb  exit.o [4]
__iar_copy_init3         0x800'24e5   0x30  Code  Gb  copy_init3.o [3]
__iar_data_init3         0x800'253d   0x28  Code  Gb  data_init.o [3]
__iar_program_start      0x800'268d         Code  Gb  cstartup_M.o [3]
__iar_zero_init3         0x800'2461   0x3c  Code  Gb  zero_init3.o [3]
__low_level_init         0x800'25a7    0x4  Code  Gb  low_level_init.o [2]
__vector_table           0x800'0000         Data  Gb  startup_stm32f030x6.o [1]
_call_main               0x800'2595         Code  Gb  cmain.o [3]
_exit                    0x800'25b5         Code  Gb  cexit.o [3]
_main                    0x800'25a3         Code  Gb  cmain.o [3]
current                 0x2000'00fc    0x4  Data  Gb  main.o [1]
digits                  0x2000'00e4    0xc  Data  Gb  lcd.o [1]
exit                     0x800'25ab    0x8  Code  Gb  exit.o [2]
hadc                    0x2000'0008   0x4c  Data  Gb  main.o [1]
hal_tick                0x2000'00f0    0x4  Data  Gb  main.o [1]
hal_tick_prev           0x2000'00f4    0x4  Data  Gb  main.o [1]
hiwdg                   0x2000'00d4   0x10  Data  Gb  main.o [1]
htim1                   0x2000'0054   0x40  Data  Gb  main.o [1]
htim17                  0x2000'0094   0x40  Data  Gb  main.o [1]
lcd_clear                0x800'1adf   0x12  Code  Gb  lcd.o [1]
lcd_command              0x800'19a5   0x46  Code  Gb  lcd.o [1]
lcd_delay                0x800'23cd         Code  Gb  lcd_delay.o [1]
lcd_position             0x800'1ac9   0x16  Code  Gb  lcd.o [1]
lcd_printc               0x800'19eb   0x46  Code  Gb  lcd.o [1]
lcd_printd               0x800'1a49   0x50  Code  Gb  lcd.o [1]
lcd_printd2              0x800'1a99   0x20  Code  Gb  lcd.o [1]
lcd_prints               0x800'1a31   0x18  Code  Gb  lcd.o [1]
lcd_pulse                0x800'1af1   0x2c  Code  Gb  lcd.o [1]
main                     0x800'0965  0x264  Code  Gb  main.o [1]
oled_init                0x800'1955   0x50  Code  Gb  lcd.o [1]
power                   0x2000'0100    0x4  Data  Gb  main.o [1]
power_prev              0x2000'0104    0x4  Data  Gb  main.o [1]
tip_delay               0x2000'0000    0x4  Data  Gb  main.o [1]
uwTick                  0x2000'0108    0x4  Data  Gb  stm32f0xx_hal.o [1]
voltage                 0x2000'00f8    0x4  Data  Gb  main.o [1]


[1] = E:\SolderingStation\Firmware\EWARM\Firmware\Obj
[2] = dl6M_tlf.a
[3] = rt6M_tl.a
[4] = shb_l.a

  9'662 bytes of readonly  code memory
    252 bytes of readonly  data memory
  1'292 bytes of readwrite data memory

Errors: none
Warnings: none
